// Jest Snapshot v1, https://goo.gl/fbAQLP

exports[`<Home /> loads blogPost entries 1`] = `
<div>
  <p>
    Loading...
  </p>
</div>
`;

exports[`<Home /> loads blogPost entries 2`] = `
<div>
  <div
    className="blog-entry"
  >
    <a
      href="/blog/amazing-title"
      onClick={[Function]}
    >
      <h2>
        Amazing Title
      </h2>
      <p>
        What a body!
      </p>
    </a>
  </div>
</div>
`;
